🚀 Iniciando teste do fluxo completo do SaaS Spooliq
==================================================

[0;34m📝 STEP 1: Registrando nova empresa[0m
[0;32m✅ Empresa registrada[0m
{
  "user_id": "22144e50-5c63-4354-ae0d-6975255bfbea",
  "organization_id": "8dafb5bb-911e-4102-8fe4-c69db260a64e",
  "trial_ends_at": "2025-10-29T00:31:02-03:00",
  "message": "Registration successful! Your 14-day trial has started."
}

[0;34m🔐 STEP 2: Fazendo login[0m
[0;32m✅ Login realizado[0m
Token: eyJhbGciOiJSUzI1NiIsInR5cCIgOiAiSldUIiwia2lkIiA6IC...

[0;34m🏢 STEP 3: Buscando informações da empresa[0m
[0;32m✅ Informações da empresa obtidas[0m
{
  "id": "a6d043cc-3119-483b-b32f-a6501295d6a7",
  "organization_id": "8dafb5bb-911e-4102-8fe4-c69db260a64e",
  "name": "Impressões 3D Premium LTDA",
  "trade_name": "3D Premium",
  "document": "12345678000190",
  "phone": "+5511987654321",
  "address": "Rua das Impressoras",
  "city": "São Paulo",
  "state": "SP",
  "zip_code": "01234-567",
  "subscription_status": "trial",
  "is_platform_company": false,
  "subscription_plan": "basic",
  "trial_ends_at": "2025-10-29T00:31:02.139766Z",
  "created_at": "2025-10-15T03:31:02.13978Z",
  "updated_at": "2025-10-15T03:31:02.13978Z"
}

[0;34m🎨 STEP 4: Atualizando dados da empresa[0m
[0;32m✅ Dados da empresa atualizados[0m

[0;34m🏷️  STEP 5: Criando marca de filamento[0m
[0;32m✅ Marca criada (ID: ed21b9e7-203e-4b7c-9c70-f4e8b77b5e4e)[0m

[0;34m🧪 STEP 6: Criando material[0m
[0;32m✅ Material criado (ID: d929df9c-0416-49df-8890-4a8b9d2cb663)[0m

[0;34m🎨 STEP 7: Criando filamento[0m
[0;32m✅ Filamento criado (ID: null)[0m
[0;32m✅ Segundo filamento criado (ID: null)[0m

[0;34m⚙️  STEP 8: Criando presets[0m
jq: parse error: Invalid numeric literal at line 1, column 9
